--------- beginning of main
09-17 14:55:27.309 I/Choreographer( 6073): first vsync insert message into MessageQueue Head
09-17 14:55:27.817 I/Choreographer(16307): first vsync insert message into MessageQueue Head
09-17 14:55:31.399 I/Choreographer(16307): Skipped 64 frames!  The application may be doing too much work on its main thread.
09-17 14:55:31.995 I/Choreographer(16307): Skipped 70 frames!  The application may be doing too much work on its main thread.
09-17 14:55:38.479 I/Choreographer(16307): Skipped 97 frames!  The application may be doing too much work on its main thread.
09-17 14:55:39.350 I/StapelScan(16307): stoss start=1789649739092 dauer=178 spitze=4,7 einwurf=false
09-17 14:55:41.395 I/StapelScan(16307): stoss start=1789649741039 dauer=257 spitze=11,5 einwurf=false
09-17 14:55:41.879 I/StapelScan(16307): stoss start=1789649741757 dauer=0 spitze=4,3 einwurf=false
09-17 14:55:48.181 I/MlScan  (16307): frame: 1 cards in 265ms top=77044671@1,00
09-17 14:55:48.367 I/StapelScan(16307): stoss start=1789649747667 dauer=200 spitze=68,7 einwurf=true
09-17 14:55:48.863 I/StapelScan(16307): einwurf anzahl=1 rearmt=[] t=1789649748863
09-17 14:55:48.863 I/MlScan  (16307): frame: 1 cards in 281ms top=77044671@1,00
09-17 14:55:49.520 I/MlScan  (16307): frame: 1 cards in 269ms top=77044671@1,00
09-17 14:55:50.193 I/MlScan  (16307): confirmed card 77044671
09-17 14:55:50.193 I/StapelScan(16307): gebucht 77044671 x1
09-17 14:55:50.261 I/MlScan  (16307): frame: 1 cards in 278ms top=77044671@1,00
09-17 14:55:51.137 I/MlScan  (16307): frame: 1 cards in 342ms top=77044671@1,00
09-17 14:55:51.983 I/MlScan  (16307): frame: 1 cards in 348ms top=77044671@1,00
09-17 14:55:52.709 I/MlScan  (16307): frame: 1 cards in 289ms top=77044671@1,00
09-17 14:55:53.385 I/MlScan  (16307): frame: 1 cards in 261ms top=77044671@1,00
09-17 14:55:53.833 I/StapelScan(16307): stoss start=1789649753737 dauer=0 spitze=3,4 einwurf=false
09-17 14:55:54.033 I/MlScan  (16307): frame: 1 cards in 404ms top=77044671@0,83
09-17 14:55:54.134 I/StapelScan(16307): stoss start=1789649753365 dauer=244 spitze=73,2 einwurf=true
09-17 14:55:54.382 I/MlScan  (16307): frame: 1 cards in 298ms top=77044671@1,00
09-17 14:55:54.571 I/StapelScan(16307): einwurf anzahl=1 rearmt=[77044671] t=1789649754571
09-17 14:55:55.111 I/MlScan  (16307): frame: 1 cards in 261ms top=77044671@1,00
09-17 14:55:55.786 I/MlScan  (16307): confirmed card 77044671
09-17 14:55:55.786 I/StapelScan(16307): gebucht 77044671 x1
09-17 14:55:55.799 I/MlScan  (16307): frame: 1 cards in 273ms top=77044671@1,00
09-17 14:55:56.605 I/MlScan  (16307): frame: 1 cards in 284ms top=77044671@1,00
09-17 14:55:57.303 I/MlScan  (16307): frame: 1 cards in 290ms top=77044671@1,00
09-17 14:55:57.973 I/MlScan  (16307): frame: 1 cards in 388ms top=77044671@0,82
09-17 14:55:58.039 I/StapelScan(16307): stoss start=1789649757300 dauer=207 spitze=50,2 einwurf=true
09-17 14:55:58.334 I/MlScan  (16307): frame: 1 cards in 289ms top=77044671@1,00
09-17 14:55:58.536 I/StapelScan(16307): einwurf anzahl=1 rearmt=[77044671] t=1789649758536
09-17 14:55:59.038 I/MlScan  (16307): frame: 1 cards in 257ms top=77044671@1,00
09-17 14:55:59.743 I/MlScan  (16307): confirmed card 77044671
09-17 14:55:59.743 I/StapelScan(16307): gebucht 77044671 x1
09-17 14:55:59.755 I/MlScan  (16307): frame: 1 cards in 262ms top=77044671@1,00
09-17 14:56:00.581 I/MlScan  (16307): frame: 1 cards in 282ms top=77044671@1,00
09-17 14:56:01.276 I/MlScan  (16307): frame: 1 cards in 278ms top=77044671@1,00
09-17 14:56:02.191 I/StapelScan(16307): stoss start=1789649761418 dauer=241 spitze=59,8 einwurf=true
09-17 14:56:02.340 I/MlScan  (16307): frame: 1 cards in 389ms top=77044671@0,80
09-17 14:56:02.519 I/StapelScan(16307): einwurf anzahl=1 rearmt=[77044671] t=1789649762519
09-17 14:56:03.029 I/MlScan  (16307): frame: 1 cards in 284ms top=77044671@1,00
09-17 14:56:03.652 I/MlScan  (16307): confirmed card 77044671
09-17 14:56:03.652 I/StapelScan(16307): gebucht 77044671 x1
09-17 14:56:03.665 I/MlScan  (16307): frame: 1 cards in 370ms top=77044671@0,79
09-17 14:56:04.205 I/MlScan  (16307): frame: 1 cards in 460ms top=77044671@0,79
09-17 14:56:04.691 I/MlScan  (16307): frame: 1 cards in 407ms top=77044671@0,80
09-17 14:56:05.244 I/MlScan  (16307): frame: 1 cards in 296ms top=77044671@1,00
09-17 14:56:05.721 I/MlScan  (16307): frame: 1 cards in 404ms top=77044671@0,81
09-17 14:56:05.991 I/StapelScan(16307): stoss start=1789649765901 dauer=0 spitze=3,5 einwurf=false
09-17 14:56:06.257 I/StapelScan(16307): stoss start=1789649765558 dauer=170 spitze=45,2 einwurf=true
09-17 14:56:06.302 I/MlScan  (16307): frame: 1 cards in 353ms top=77044671@0,85
09-17 14:56:06.509 I/StapelScan(16307): einwurf anzahl=1 rearmt=[77044671] t=1789649766509
09-17 14:56:07.036 I/MlScan  (16307): frame: 1 cards in 295ms top=77044671@1,00
09-17 14:56:07.753 I/MlScan  (16307): confirmed card 77044671
09-17 14:56:07.753 I/StapelScan(16307): gebucht 77044671 x1
09-17 14:56:07.764 I/MlScan  (16307): frame: 1 cards in 260ms top=77044671@1,00
09-17 14:56:08.545 I/MlScan  (16307): frame: 1 cards in 277ms top=77044671@1,00
09-17 14:56:09.242 I/MlScan  (16307): frame: 1 cards in 265ms top=77044671@1,00
09-17 14:56:10.762 I/StapelScan(16307): stoss start=1789649769718 dauer=941 spitze=9,1 einwurf=false
09-17 14:56:11.555 I/StapelScan(16307): stoss start=1789649770790 dauer=664 spitze=8,7 einwurf=false
09-17 14:56:13.192 I/StapelScan(16307): stoss start=1789649771655 dauer=1433 spitze=16,2 einwurf=false
09-17 14:56:13.490 I/StapelScan(16307): stoss start=1789649773355 dauer=31 spitze=6,3 einwurf=false
09-17 14:56:15.118 I/StapelScan(16307): stoss start=1789649775022 dauer=0 spitze=4,1 einwurf=false
09-17 14:56:15.853 I/StapelScan(16307): stoss start=1789649775321 dauer=435 spitze=22,7 einwurf=false
09-17 14:56:16.149 I/StapelScan(16307): stoss start=1789649775884 dauer=172 spitze=9,6 einwurf=false
09-17 14:56:16.950 I/StapelScan(16307): stoss start=1789649776186 dauer=663 spitze=14,7 einwurf=false
09-17 14:56:17.190 I/StapelScan(16307): stoss start=1789649776991 dauer=91 spitze=3,7 einwurf=false
09-17 14:56:20.022 I/MlScan  (16307): frame: 1 cards in 126ms top=77044671@0,75
09-17 14:56:20.383 I/StapelScan(16307): stoss start=1789649779721 dauer=160 spitze=52,7 einwurf=true
09-17 14:56:20.544 I/MlScan  (16307): frame: 1 cards in 239ms top=77044671@1,00
09-17 14:56:20.702 I/StapelScan(16307): einwurf anzahl=1 rearmt=[] t=1789649780702
09-17 14:56:21.208 I/MlScan  (16307): frame: 1 cards in 259ms top=77044671@1,00
09-17 14:56:21.833 I/MlScan  (16307): confirmed card 77044671
09-17 14:56:21.834 I/StapelScan(16307): gebucht 77044671 x1
09-17 14:56:21.858 I/MlScan  (16307): frame: 1 cards in 240ms top=77044671@1,00
09-17 14:56:22.589 I/MlScan  (16307): frame: 1 cards in 261ms top=77044671@1,00
09-17 14:56:23.283 I/MlScan  (16307): frame: 1 cards in 271ms top=77044671@1,00
09-17 14:56:23.978 I/StapelScan(16307): stoss start=1789649783149 dauer=317 spitze=71,4 einwurf=true
09-17 14:56:24.018 I/MlScan  (16307): frame: 1 cards in 245ms top=77044671@1,00
09-17 14:56:24.229 I/StapelScan(16307): einwurf anzahl=1 rearmt=[77044671] t=1789649784229
09-17 14:56:24.708 I/MlScan  (16307): frame: 1 cards in 246ms top=77044671@1,00
09-17 14:56:26.027 I/MlScan  (16307): confirmed card 77044671
09-17 14:56:26.027 I/StapelScan(16307): gebucht 77044671 x1
09-17 14:56:26.040 I/MlScan  (16307): frame: 1 cards in 235ms top=77044671@1,00
09-17 14:56:26.818 I/MlScan  (16307): frame: 1 cards in 253ms top=77044671@1,00
09-17 14:56:27.613 I/StapelScan(16307): stoss start=1789649786875 dauer=235 spitze=42,9 einwurf=true
09-17 14:56:27.630 I/MlScan  (16307): frame: 1 cards in 371ms top=77044671@0,82
09-17 14:56:27.800 I/StapelScan(16307): einwurf anzahl=1 rearmt=[77044671] t=1789649787800
09-17 14:56:28.334 I/MlScan  (16307): frame: 1 cards in 291ms top=77044671@1,00
09-17 14:56:29.150 I/MlScan  (16307): confirmed card 77044671
09-17 14:56:29.150 I/StapelScan(16307): gebucht 77044671 x1
09-17 14:56:29.161 I/MlScan  (16307): frame: 1 cards in 385ms top=77044671@0,80
09-17 14:56:29.936 I/MlScan  (16307): frame: 1 cards in 449ms top=77044671@0,81
09-17 14:56:30.385 I/MlScan  (16307): frame: 1 cards in 396ms top=77044671@0,81
09-17 14:56:30.553 I/StapelScan(16307): stoss start=1789649790373 dauer=74 spitze=4,0 einwurf=false
09-17 14:56:30.742 I/StapelScan(16307): stoss start=1789649790014 dauer=228 spitze=69,0 einwurf=true
09-17 14:56:30.878 I/MlScan  (16307): frame: 1 cards in 416ms top=77044671@0,80
09-17 14:56:31.052 I/StapelScan(16307): einwurf anzahl=1 rearmt=[77044671] t=1789649791052
09-17 14:56:31.448 I/MlScan  (16307): frame: 1 cards in 314ms top=77044671@1,00
09-17 14:56:32.201 I/MlScan  (16307): confirmed card 77044671
09-17 14:56:32.201 I/StapelScan(16307): gebucht 77044671 x1
09-17 14:56:32.215 I/MlScan  (16307): frame: 1 cards in 274ms top=77044671@1,00
09-17 14:56:33.204 I/MlScan  (16307): frame: 1 cards in 354ms top=77044671@1,00
09-17 14:56:33.953 I/StapelScan(16307): stoss start=1789649793175 dauer=272 spitze=73,5 einwurf=true
09-17 14:56:34.054 I/MlScan  (16307): frame: 1 cards in 309ms top=77044671@1,00
09-17 14:56:34.253 I/StapelScan(16307): einwurf anzahl=1 rearmt=[77044671] t=1789649794253
09-17 14:56:34.878 I/MlScan  (16307): frame: 1 cards in 302ms top=77044671@1,00
09-17 14:56:35.673 I/MlScan  (16307): confirmed card 77044671
09-17 14:56:35.673 I/StapelScan(16307): gebucht 77044671 x1
09-17 14:56:35.688 I/MlScan  (16307): frame: 1 cards in 310ms top=77044671@1,00
09-17 14:56:36.763 I/MlScan  (16307): frame: 1 cards in 361ms top=77044671@1,00
09-17 14:56:37.611 I/MlScan  (16307): frame: 1 cards in 320ms top=77044671@1,00
09-17 14:56:38.360 I/MlScan  (16307): frame: 1 cards in 287ms top=77044671@1,00
09-17 14:56:39.139 I/MlScan  (16307): frame: 1 cards in 268ms top=77044671@1,00
09-17 14:56:39.914 I/MlScan  (16307): frame: 1 cards in 313ms top=77044671@1,00
09-17 14:56:40.673 I/MlScan  (16307): frame: 1 cards in 279ms top=77044671@1,00
09-17 14:56:41.463 I/MlScan  (16307): frame: 1 cards in 298ms top=77044671@1,00
09-17 14:56:43.003 I/StapelScan(16307): stoss start=1789649801309 dauer=1598 spitze=30,8 einwurf=false
09-17 14:56:43.405 I/StapelScan(16307): stoss start=1789649803034 dauer=273 spitze=5,4 einwurf=false
09-17 14:56:43.480 I/MlScan  (16307): frame: 1 cards in 291ms top=77044671@1,00
09-17 14:56:43.972 I/MlScan  (16307): frame: 1 cards in 419ms top=77044671@0,81
09-17 14:56:44.542 I/MlScan  (16307): frame: 1 cards in 328ms top=77044671@1,00
09-17 14:56:44.716 I/StapelScan(16307): stoss start=1789649803501 dauer=1104 spitze=14,3 einwurf=false
09-17 14:56:45.324 I/MlScan  (16307): frame: 1 cards in 297ms top=77044671@1,00
09-17 14:56:46.071 I/MlScan  (16307): frame: 1 cards in 284ms top=77044671@1,00
09-17 14:56:46.823 I/MlScan  (16307): frame: 1 cards in 304ms top=77044671@1,00
09-17 14:56:47.569 I/MlScan  (16307): frame: 1 cards in 272ms top=77044671@1,00
09-17 14:56:48.343 I/MlScan  (16307): frame: 1 cards in 277ms top=77044671@1,00
09-17 14:56:49.094 I/MlScan  (16307): frame: 1 cards in 275ms top=77044671@1,00
09-17 14:56:49.840 I/MlScan  (16307): frame: 1 cards in 286ms top=77044671@1,00
09-17 14:56:50.622 I/MlScan  (16307): frame: 1 cards in 283ms top=77044671@1,00
09-17 14:56:51.367 I/MlScan  (16307): frame: 1 cards in 271ms top=77044671@1,00
09-17 14:56:52.115 I/MlScan  (16307): frame: 1 cards in 268ms top=77044671@1,00
09-17 14:56:52.833 I/MlScan  (16307): frame: 1 cards in 274ms top=77044671@1,00
09-17 14:56:53.611 I/MlScan  (16307): frame: 1 cards in 286ms top=77044671@1,00
09-17 14:56:54.351 I/MlScan  (16307): frame: 1 cards in 295ms top=77044671@1,00
09-17 14:56:55.098 I/MlScan  (16307): frame: 1 cards in 278ms top=77044671@1,00
09-17 14:56:55.902 I/MlScan  (16307): frame: 1 cards in 312ms top=77044671@1,00
09-17 14:56:56.658 I/MlScan  (16307): frame: 1 cards in 276ms top=77044671@1,00
09-17 14:56:57.439 I/MlScan  (16307): frame: 1 cards in 288ms top=77044671@1,00
09-17 14:56:58.176 I/MlScan  (16307): frame: 1 cards in 286ms top=77044671@1,00
09-17 14:56:58.971 I/MlScan  (16307): frame: 1 cards in 280ms top=77044671@1,00
09-17 14:56:59.714 I/MlScan  (16307): frame: 1 cards in 286ms top=77044671@1,00
09-17 14:57:00.439 I/MlScan  (16307): frame: 1 cards in 296ms top=77044671@1,00
09-17 14:57:01.208 I/MlScan  (16307): frame: 1 cards in 285ms top=77044671@1,00
09-17 14:57:01.976 I/MlScan  (16307): frame: 1 cards in 287ms top=77044671@1,00
09-17 14:57:02.722 I/MlScan  (16307): frame: 1 cards in 268ms top=77044671@1,00
09-17 14:57:03.480 I/MlScan  (16307): frame: 1 cards in 295ms top=77044671@1,00
09-17 14:57:04.208 I/MlScan  (16307): frame: 1 cards in 268ms top=77044671@1,00
09-17 14:57:04.968 I/MlScan  (16307): frame: 1 cards in 288ms top=77044671@1,00
09-17 14:57:05.721 I/MlScan  (16307): frame: 1 cards in 273ms top=77044671@1,00
09-17 14:57:06.482 I/MlScan  (16307): frame: 1 cards in 270ms top=77044671@1,00
09-17 14:57:07.234 I/MlScan  (16307): frame: 1 cards in 315ms top=77044671@1,00
09-17 14:57:07.982 I/MlScan  (16307): frame: 1 cards in 278ms top=77044671@1,00
09-17 14:57:08.713 I/MlScan  (16307): frame: 1 cards in 275ms top=77044671@1,00
09-17 14:57:09.465 I/MlScan  (16307): frame: 1 cards in 290ms top=77044671@1,00
09-17 14:57:10.226 I/MlScan  (16307): frame: 1 cards in 276ms top=77044671@1,00
09-17 14:57:10.992 I/MlScan  (16307): frame: 1 cards in 277ms top=77044671@1,00
09-17 14:57:11.711 I/MlScan  (16307): frame: 1 cards in 274ms top=77044671@1,00
09-17 14:57:12.478 I/MlScan  (16307): frame: 1 cards in 303ms top=77044671@1,00
09-17 14:57:13.250 I/MlScan  (16307): frame: 1 cards in 302ms top=77044671@1,00
09-17 14:57:14.042 I/MlScan  (16307): frame: 1 cards in 296ms top=77044671@1,00
09-17 14:57:14.796 I/MlScan  (16307): frame: 1 cards in 274ms top=77044671@1,00
09-17 14:57:15.610 I/MlScan  (16307): frame: 1 cards in 291ms top=77044671@1,00
09-17 14:57:16.404 I/MlScan  (16307): frame: 1 cards in 298ms top=77044671@1,00
09-17 14:57:17.191 I/MlScan  (16307): frame: 1 cards in 309ms top=77044671@1,00
09-17 14:57:17.953 I/MlScan  (16307): frame: 1 cards in 273ms top=77044671@1,00
09-17 14:57:18.743 I/MlScan  (16307): frame: 1 cards in 299ms top=77044671@1,00
09-17 14:57:19.540 I/MlScan  (16307): frame: 1 cards in 356ms top=77044671@1,00
09-17 14:57:20.335 I/MlScan  (16307): frame: 1 cards in 300ms top=77044671@1,00
09-17 14:57:21.093 I/MlScan  (16307): frame: 1 cards in 272ms top=77044671@1,00
09-17 14:57:21.876 I/MlScan  (16307): frame: 1 cards in 302ms top=77044671@1,00
09-17 14:57:22.645 I/MlScan  (16307): frame: 1 cards in 270ms top=77044671@1,00
09-17 14:57:23.464 I/MlScan  (16307): frame: 1 cards in 283ms top=77044671@1,00
09-17 14:57:24.232 I/MlScan  (16307): frame: 1 cards in 274ms top=77044671@1,00
09-17 14:57:25.055 I/MlScan  (16307): frame: 1 cards in 315ms top=77044671@1,00
09-17 14:57:25.833 I/MlScan  (16307): frame: 1 cards in 299ms top=77044671@1,00
09-17 14:57:26.596 I/MlScan  (16307): frame: 1 cards in 293ms top=77044671@1,00
09-17 14:57:27.359 I/MlScan  (16307): frame: 1 cards in 281ms top=77044671@1,00
09-17 14:57:28.184 I/MlScan  (16307): frame: 1 cards in 310ms top=77044671@1,00
